2026-02-22 10:39:57.162 +05 [50604] LOG:  starting PostgreSQL 16.12, compiled by Visual C++ build 1944, 64-bit
2026-02-22 10:39:57.167 +05 [50604] LOG:  listening on IPv6 address "::1", port 5433
2026-02-22 10:39:57.167 +05 [50604] LOG:  listening on IPv4 address "127.0.0.1", port 5433
2026-02-22 10:39:57.214 +05 [6464] LOG:  database system was shut down at 2026-02-22 10:39:37 +05
2026-02-22 10:39:57.236 +05 [50604] LOG:  database system is ready to accept connections
2026-02-22 10:40:25.559 +05 [22280] LOG:  checkpoint starting: immediate force wait
2026-02-22 10:40:25.604 +05 [22280] LOG:  checkpoint complete: wrote 6 buffers (0.0%); 0 WAL file(s) added, 0 removed, 0 recycled; write=0.009 s, sync=0.015 s, total=0.045 s; sync files=5, longest=0.007 s, average=0.003 s; distance=4687 kB, estimate=4687 kB; lsn=0/1A0B6C0, redo lsn=0/1A0B688
2026-02-22 10:40:25.714 +05 [26560] ERROR:  new encoding (UTF8) is incompatible with the encoding of the template database (WIN1252)
2026-02-22 10:40:25.714 +05 [26560] HINT:  Use the same encoding as in the template database, or use template0 as template.
2026-02-22 10:40:25.714 +05 [26560] STATEMENT:  CREATE DATABASE fire_db ENCODING 'UTF8';
2026-02-22 10:40:26.293 +05 [31672] FATAL:  database "fire_db" does not exist
2026-02-22 10:40:42.693 +05 [50604] LOG:  received fast shutdown request
2026-02-22 10:40:42.706 +05 [50604] LOG:  aborting any active transactions
2026-02-22 10:40:42.712 +05 [50604] LOG:  background worker "logical replication launcher" (PID 22260) exited with exit code 1
2026-02-22 10:40:42.717 +05 [22280] LOG:  shutting down
2026-02-22 10:40:42.724 +05 [22280] LOG:  checkpoint starting: shutdown immediate
2026-02-22 10:40:42.757 +05 [22280] LOG:  checkpoint complete: wrote 3 buffers (0.0%); 0 WAL file(s) added, 0 removed, 0 recycled; write=0.002 s, sync=0.011 s, total=0.040 s; sync files=3, longest=0.007 s, average=0.004 s; distance=0 kB, estimate=4219 kB; lsn=0/1A0B800, redo lsn=0/1A0B800
2026-02-22 10:40:42.772 +05 [50604] LOG:  database system is shut down
2026-02-22 10:40:47.957 +05 [44996] LOG:  starting PostgreSQL 16.12, compiled by Visual C++ build 1944, 64-bit
2026-02-22 10:40:47.960 +05 [44996] LOG:  listening on IPv6 address "::1", port 5433
2026-02-22 10:40:47.961 +05 [44996] LOG:  listening on IPv4 address "127.0.0.1", port 5433
2026-02-22 10:40:48.020 +05 [27700] LOG:  database system was shut down at 2026-02-22 10:40:45 +05
2026-02-22 10:40:48.051 +05 [44996] LOG:  database system is ready to accept connections
2026-02-22 10:45:48.016 +05 [37692] LOG:  checkpoint starting: time
2026-02-22 10:47:35.490 +05 [37692] LOG:  checkpoint complete: wrote 1067 buffers (6.5%); 0 WAL file(s) added, 0 removed, 0 recycled; write=106.941 s, sync=0.503 s, total=107.475 s; sync files=337, longest=0.012 s, average=0.002 s; distance=5081 kB, estimate=5081 kB; lsn=0/1A6DB68, redo lsn=0/1A6DB30
2026-02-22 11:35:48.502 +05 [37692] LOG:  checkpoint starting: time
2026-02-22 11:35:49.571 +05 [37692] LOG:  checkpoint complete: wrote 11 buffers (0.1%); 0 WAL file(s) added, 0 removed, 0 recycled; write=1.005 s, sync=0.033 s, total=1.070 s; sync files=10, longest=0.016 s, average=0.004 s; distance=33 kB, estimate=4576 kB; lsn=0/1A75F88, redo lsn=0/1A75F50
